// Jest Snapshot v1, https://goo.gl/fbAQLP

exports[`<TextInput /> should match snapshot 1`] = `
<div>
  <input
    class="text-input"
    placeholder="What are you looking for?"
    type="search"
    value=""
  />
</div>
`;
